[backblue.gif]
[fade.gif]
[index.html]
[www.lgessbattery.com/ess/resource/common/images/lgess_og.png]
[www.lgessbattery.com/common/images/front/favicon.gif]
[www.lgessbattery.com/ess/resource/common/js/jquery-3.3.1.min.js]
[www.lgessbattery.com/ess/resource/common/js/jquery-ui.min.js]
[www.lgessbattery.com/common/js/jquery-ajax-options.js]
[www.lgessbattery.com/common/js/jquery.form.js]
[www.lgessbattery.com/common/js/common-user.js]
[www.lgessbattery.com/common/js/common-util.js]
[www.lgessbattery.com/common/js/jquery.cookie.js]
[www.lgessbattery.com/common/js/jquery-submit.js]
[www.lgessbattery.com/ess/resource/common/js/swiper.min.js]
[www.lgessbattery.com/ess/resource/common/js/jquery.mCustomScrollbar.concat.min.js]
[cdn-eas.readspeaker.com/script/14195/webReader/webReader7a81.js]
[connect.facebook.net/en_US/fbevents.js]
[www.lgessbattery.com/ess/resource/common/images/AU.png]
[translate.google.com/translate_a/elementa0d8.js]
[www.lgessbattery.com/ess/resource/assets/images/image 5.png]
[www.lgessbattery.com/ess/resource/assets/images/info_bg_05.png]
[www.lgessbattery.com/ess/resource/assets/images/info_bg_05_m.png]
[www.lgessbattery.com/ess/resource/assets/images/info_bg_06.png]
[www.lgessbattery.com/ess/resource/assets/images/info_bg_06_m.png]
[www.lgessbattery.com/ess/resource/assets/images/info_bg_01.png]
[www.lgessbattery.com/ess/resource/assets/images/info_bg_01_m.png]
[www.lgessbattery.com/ess/resource/assets/images/info_bg_02.png]
[www.lgessbattery.com/ess/resource/assets/images/info_bg_02_m.png]
[www.lgessbattery.com/ess/resource/assets/images/info_bg_03.png]
[www.lgessbattery.com/ess/resource/assets/images/info_bg_03_m.png]
[www.lgessbattery.com/ess/resource/assets/images/info_bg_04.png]
[www.lgessbattery.com/ess/resource/assets/images/info_bg_04_m.png]
[js.adsrvr.org/up_loader.1.1.0.js]
[www.lgessbattery.com/m/au/recall/recallnotice.html]
[www.lgessbattery.com/ess/resource/common/css/icomoon.css]
[www.lgessbattery.com/ess/resource/assets/css/jquery-ui.min.css]
[www.lgessbattery.com/ess/resource/common/css/swiper.min.css]
[snap.licdn.com/li.lms-analytics/insight.min.js]
[www.lgessbattery.com/ess/resource/common/css/jquery.mCustomScrollbar.min.css]
[www.lgessbattery.com/ess/resource/assets/css/common.css]
[www.lgessbattery.com/ess/resource/assets/css/recall.css]
[www.lgessbattery.com/ess/resource/common/js/jquery-3.3.1.min.js]
[www.lgessbattery.com/ess/resource/common/js/jquery-ui.min.js]
[www.lgessbattery.com/common/js/jquery-ajax-options.js]
[www.lgessbattery.com/common/js/jquery.form.js]
[www.lgessbattery.com/common/js/common-user.js]
[www.lgessbattery.com/common/js/common-util.js]
[www.lgessbattery.com/common/js/jquery.cookie.js]
[www.lgessbattery.com/common/js/jquery-submit.js]
[www.lgessbattery.com/ess/resource/common/js/swiper.min.js]
[www.lgessbattery.com/ess/resource/common/js/jquery.mCustomScrollbar.concat.min.js]
[connect.facebook.net/en_US/fbevents.js]
[www.googletagmanager.com/gtm5445.html]
[cdn.prod.uidapi.com/uid2-sdk-3.2.0.js]
[js.adsrvr.org/up_loader.1.1.0.js]
[www.lgessbattery.com/ess/resource/common/css/mCSB_buttons.html]
[www.lgessbattery.com/ess/resource/assets/images/loading.html]
[www.lgessbattery.com/ess/resource/assets/css/_path-to-image.html]
[www.lgessbattery.com/m/au/recall/Version/index.html]
[www.lgessbattery.com/m/au/recall/version/index-2.html]
[www.lgessbattery.com/m/au/recall/cdnjs.cloudflare.com/ajax/libs/jquery-mousewheel/3.1.13/jquery.mousewheel.min.html]
[www.lgessbattery.com/m/au/recall/a.html]
[www.lgessbattery.com/m/au/recall/POST.html]
[www.lgessbattery.com/m/au/recall/schema.org/index.html]
[www.lgessbattery.com/m/au/recall/b.html]
[www.lgessbattery.com/signals/iwl.html]
[www.lgessbattery.com/m/au/recall/t.html]
[www.lgessbattery.com/m/au/recall/e.html]
